2024-06-26 19:13:31 info: GET /api/pxchange
2024-06-26 19:13:54 info: GET /api/pxchange
2024-06-26 19:13:55 info: GET /api/pxchange
2024-06-26 19:46:30 info: GET /api/pxchange
2024-06-26 19:55:45 info: GET /api/pxchange
2024-06-26 19:55:45 error: PlaceXchange Error: TypeError: Converting circular structure to JSON
    --> starting at object with constructor 'Socket'
    |     property 'parser' -> object with constructor 'HTTPParser'
    --- property 'socket' closes the circle
2024-06-26 19:55:45 error: Converting circular structure to JSON
    --> starting at object with constructor 'Socket'
    |     property 'parser' -> object with constructor 'HTTPParser'
    --- property 'socket' closes the circle
2024-06-26 19:55:55 info: GET /api/pxchange
2024-06-26 19:55:55 error: PlaceXchange Error: TypeError: Converting circular structure to JSON
    --> starting at object with constructor 'Socket'
    |     property 'parser' -> object with constructor 'HTTPParser'
    --- property 'socket' closes the circle
2024-06-26 19:55:55 error: Converting circular structure to JSON
    --> starting at object with constructor 'Socket'
    |     property 'parser' -> object with constructor 'HTTPParser'
    --- property 'socket' closes the circle
2024-06-26 19:56:40 info: GET /api/pxchange
2024-06-26 19:56:40 error: PlaceXchange Error: TypeError: Converting circular structure to JSON
    --> starting at object with constructor 'Socket'
    |     property 'parser' -> object with constructor 'HTTPParser'
    --- property 'socket' closes the circle
2024-06-26 19:56:40 error: Converting circular structure to JSON
    --> starting at object with constructor 'Socket'
    |     property 'parser' -> object with constructor 'HTTPParser'
    --- property 'socket' closes the circle
2024-06-26 19:57:14 info: GET /api/pxchange
2024-06-26 19:57:14 error: PlaceXchange Error: TypeError: Converting circular structure to JSON
    --> starting at object with constructor 'Socket'
    |     property 'parser' -> object with constructor 'HTTPParser'
    --- property 'socket' closes the circle
2024-06-26 19:57:14 error: Converting circular structure to JSON
    --> starting at object with constructor 'Socket'
    |     property 'parser' -> object with constructor 'HTTPParser'
    --- property 'socket' closes the circle
2024-06-26 19:57:15 info: GET /api/pxchange
2024-06-26 19:57:15 error: PlaceXchange Error: TypeError: Converting circular structure to JSON
    --> starting at object with constructor 'Socket'
    |     property 'parser' -> object with constructor 'HTTPParser'
    --- property 'socket' closes the circle
2024-06-26 19:57:15 error: Converting circular structure to JSON
    --> starting at object with constructor 'Socket'
    |     property 'parser' -> object with constructor 'HTTPParser'
    --- property 'socket' closes the circle
2024-06-26 19:58:41 info: GET /api/pxchange
2024-06-26 19:59:06 info: GET /api/checkup
